
> upchaar-health@0.1.0 build
> vite build

[36mvite v6.4.1 [32mbuilding for production...[36m[39m
transforming...
[32mΓ£ô[39m 3117 modules transformed.
rendering chunks...
computing gzip size...
[2mdist/[22m[32mindex.html                                 [39m[1m[2m  1.34 kB[22m[1m[22m[2m Γöé gzip:   0.58 kB[22m
[2mdist/[22m[35massets/index-DGM-3Kzm.css                  [39m[1m[2m133.97 kB[22m[1m[22m[2m Γöé gzip:  20.52 kB[22m
[2mdist/[22m[36massets/input-BH0TBzZv.js                   [39m[1m[2m  0.68 kB[22m[1m[22m[2m Γöé gzip:   0.40 kB[22m
[2mdist/[22m[36massets/badge-ClMGSQ72.js                   [39m[1m[2m  0.82 kB[22m[1m[22m[2m Γöé gzip:   0.43 kB[22m
[2mdist/[22m[36massets/DashboardGate-BtZrysdv.js           [39m[1m[2m  0.86 kB[22m[1m[22m[2m Γöé gzip:   0.47 kB[22m
[2mdist/[22m[36massets/button-DKFTO9F2.js                  [39m[1m[2m  2.09 kB[22m[1m[22m[2m Γöé gzip:   0.99 kB[22m
[2mdist/[22m[36massets/Hospitals-De4VdDPs.js               [39m[1m[2m  2.25 kB[22m[1m[22m[2m Γöé gzip:   1.01 kB[22m
[2mdist/[22m[36massets/DoctorPatients-BE4Onp7w.js          [39m[1m[2m  2.72 kB[22m[1m[22m[2m Γöé gzip:   0.98 kB[22m
[2mdist/[22m[36massets/DoctorPrescriptions-BjLldX54.js     [39m[1m[2m  2.94 kB[22m[1m[22m[2m Γöé gzip:   1.11 kB[22m
[2mdist/[22m[36massets/select-CYRREGx2.js                  [39m[1m[2m  3.09 kB[22m[1m[22m[2m Γöé gzip:   1.12 kB[22m
[2mdist/[22m[36massets/AdminLogin-GZIy16iu.js              [39m[1m[2m  3.68 kB[22m[1m[22m[2m Γöé gzip:   1.47 kB[22m
[2mdist/[22m[36massets/BloggerLogin-CxaSL665.js            [39m[1m[2m  3.83 kB[22m[1m[22m[2m Γöé gzip:   1.54 kB[22m
[2mdist/[22m[36massets/adminApi-CVnENZdu.js                [39m[1m[2m  4.14 kB[22m[1m[22m[2m Γöé gzip:   1.28 kB[22m
[2mdist/[22m[36massets/ActivityLogs-D8vCH9bO.js            [39m[1m[2m  4.38 kB[22m[1m[22m[2m Γöé gzip:   1.58 kB[22m
[2mdist/[22m[36massets/DoctorReleaseRequests-APZ-egf-.js   [39m[1m[2m  4.63 kB[22m[1m[22m[2m Γöé gzip:   1.73 kB[22m
[2mdist/[22m[36massets/DoctorLogin-fh2sVsr5.js             [39m[1m[2m  4.90 kB[22m[1m[22m[2m Γöé gzip:   1.74 kB[22m
[2mdist/[22m[36massets/data-DEYTQ5_y.js                    [39m[1m[2m  5.06 kB[22m[1m[22m[2m Γöé gzip:   1.58 kB[22m
[2mdist/[22m[36massets/PatientLogin-D8hrCMw4.js            [39m[1m[2m  5.20 kB[22m[1m[22m[2m Γöé gzip:   1.81 kB[22m
[2mdist/[22m[36massets/AppointmentOptions-xGivbRx_.js      [39m[1m[2m  5.21 kB[22m[1m[22m[2m Γöé gzip:   1.49 kB[22m
[2mdist/[22m[36massets/Diagnostics-CdgRaA8G.js             [39m[1m[2m  5.24 kB[22m[1m[22m[2m Γöé gzip:   1.95 kB[22m
[2mdist/[22m[36massets/HealthcareMap-JSqPJ5PN.js           [39m[1m[2m  5.30 kB[22m[1m[22m[2m Γöé gzip:   2.00 kB[22m
[2mdist/[22m[36massets/Dashboard-DD7ZQFuq.js               [39m[1m[2m  5.38 kB[22m[1m[22m[2m Γöé gzip:   1.53 kB[22m
[2mdist/[22m[36massets/DoctorAppointments-5q2AjXkF.js      [39m[1m[2m  5.78 kB[22m[1m[22m[2m Γöé gzip:   2.08 kB[22m
[2mdist/[22m[36massets/Settings-N2nKa5TL.js                [39m[1m[2m  5.86 kB[22m[1m[22m[2m Γöé gzip:   1.94 kB[22m
[2mdist/[22m[36massets/BloggerProfile-SHy09W4A.js          [39m[1m[2m  6.07 kB[22m[1m[22m[2m Γöé gzip:   2.25 kB[22m
[2mdist/[22m[36massets/AppointmentManagement-q7bmiLz_.js   [39m[1m[2m  6.50 kB[22m[1m[22m[2m Γöé gzip:   2.22 kB[22m
[2mdist/[22m[36massets/Medicals-CEZAJkXm.js                [39m[1m[2m  6.56 kB[22m[1m[22m[2m Γöé gzip:   2.34 kB[22m
[2mdist/[22m[36massets/ChangePasswordModal-Deee5D-D.js     [39m[1m[2m  7.17 kB[22m[1m[22m[2m Γöé gzip:   2.27 kB[22m
[2mdist/[22m[36massets/BlogPost-Rl1hWkri.js                [39m[1m[2m  7.28 kB[22m[1m[22m[2m Γöé gzip:   2.54 kB[22m
[2mdist/[22m[36massets/BloggerDashboard-CrHRRcXj.js        [39m[1m[2m  7.40 kB[22m[1m[22m[2m Γöé gzip:   2.27 kB[22m
[2mdist/[22m[36massets/DoctorClinicPatients-X0mcs_kU.js    [39m[1m[2m  7.97 kB[22m[1m[22m[2m Γöé gzip:   2.70 kB[22m
[2mdist/[22m[36massets/Records-DQlpuwOH.js                 [39m[1m[2m  8.91 kB[22m[1m[22m[2m Γöé gzip:   2.62 kB[22m
[2mdist/[22m[36massets/MyPosts-DablG7Rh.js                 [39m[1m[2m  8.98 kB[22m[1m[22m[2m Γöé gzip:   2.49 kB[22m
[2mdist/[22m[36massets/NotificationCenter-dSRNplsq.js      [39m[1m[2m  9.34 kB[22m[1m[22m[2m Γöé gzip:   2.45 kB[22m
[2mdist/[22m[36massets/SupportAdminManagement-CkO9WFI9.js  [39m[1m[2m 10.01 kB[22m[1m[22m[2m Γöé gzip:   3.25 kB[22m
[2mdist/[22m[36massets/DoctorTimetable-D51cmEeO.js         [39m[1m[2m 10.32 kB[22m[1m[22m[2m Γöé gzip:   3.58 kB[22m
[2mdist/[22m[36massets/AdminLayout-DbH0C4KR.js             [39m[1m[2m 10.52 kB[22m[1m[22m[2m Γöé gzip:   3.13 kB[22m
[2mdist/[22m[36massets/FacilitiesManagement-vlUojEZZ.js    [39m[1m[2m 10.71 kB[22m[1m[22m[2m Γöé gzip:   3.27 kB[22m
[2mdist/[22m[36massets/Blogs-DAOxFJDr.js                   [39m[1m[2m 11.05 kB[22m[1m[22m[2m Γöé gzip:   3.43 kB[22m
[2mdist/[22m[36massets/BloggerLayout-C-ItzeW4.js           [39m[1m[2m 11.45 kB[22m[1m[22m[2m Γöé gzip:   3.38 kB[22m
[2mdist/[22m[36massets/Terms-B8jTV7g5.js                   [39m[1m[2m 11.49 kB[22m[1m[22m[2m Γöé gzip:   3.75 kB[22m
[2mdist/[22m[36massets/PatientRegister-BuPUVC34.js         [39m[1m[2m 12.27 kB[22m[1m[22m[2m Γöé gzip:   3.31 kB[22m
[2mdist/[22m[36massets/DoctorProfile-BERw84rA.js           [39m[1m[2m 12.60 kB[22m[1m[22m[2m Γöé gzip:   4.20 kB[22m
[2mdist/[22m[36massets/PatientManagement-tH7LyyN8.js       [39m[1m[2m 13.33 kB[22m[1m[22m[2m Γöé gzip:   3.64 kB[22m
[2mdist/[22m[36massets/PostEditor-YBtXXYPj.js              [39m[1m[2m 15.53 kB[22m[1m[22m[2m Γöé gzip:   4.74 kB[22m
[2mdist/[22m[36massets/PatientDashboard-npLwXMYf.js        [39m[1m[2m 17.23 kB[22m[1m[22m[2m Γöé gzip:   5.13 kB[22m
[2mdist/[22m[36massets/DoctorLayout-aeOd-JEw.js            [39m[1m[2m 17.32 kB[22m[1m[22m[2m Γöé gzip:   4.40 kB[22m
[2mdist/[22m[36massets/DoctorDashboard-CRMjJpQ7.js         [39m[1m[2m 18.29 kB[22m[1m[22m[2m Γöé gzip:   5.48 kB[22m
[2mdist/[22m[36massets/LoginPage-9JKprl2O.js               [39m[1m[2m 19.42 kB[22m[1m[22m[2m Γöé gzip:   4.89 kB[22m
[2mdist/[22m[36massets/BloggerManagement-8tGk3cKt.js       [39m[1m[2m 19.67 kB[22m[1m[22m[2m Γöé gzip:   5.09 kB[22m
[2mdist/[22m[36massets/DoctorDetail-D4VdHRbY.js            [39m[1m[2m 19.84 kB[22m[1m[22m[2m Γöé gzip:   5.37 kB[22m
[2mdist/[22m[36massets/format-rQatsqoh.js                  [39m[1m[2m 20.22 kB[22m[1m[22m[2m Γöé gzip:   5.72 kB[22m
[2mdist/[22m[36massets/BookAppointment-_LyZlLo6.js         [39m[1m[2m 21.48 kB[22m[1m[22m[2m Γöé gzip:   6.04 kB[22m
[2mdist/[22m[36massets/BookAppointmentQueued-D6-wpsoJ.js   [39m[1m[2m 21.74 kB[22m[1m[22m[2m Γöé gzip:   6.16 kB[22m
[2mdist/[22m[36massets/ClinicDashboard-UWkRSWII.js         [39m[1m[2m 23.83 kB[22m[1m[22m[2m Γöé gzip:   6.32 kB[22m
[2mdist/[22m[36massets/DoctorManagement-CMamxG-b.js        [39m[1m[2m 23.97 kB[22m[1m[22m[2m Γöé gzip:   6.81 kB[22m
[2mdist/[22m[36massets/Doctors-CvQgBXU_.js                 [39m[1m[2m 24.53 kB[22m[1m[22m[2m Γöé gzip:   7.67 kB[22m
[2mdist/[22m[36massets/MedicalDashboard-TV2GzSwK.js        [39m[1m[2m 29.39 kB[22m[1m[22m[2m Γöé gzip:   7.31 kB[22m
[2mdist/[22m[36massets/index-DUWLRR-d.js                   [39m[1m[2m 33.84 kB[22m[1m[22m[2m Γöé gzip:   9.57 kB[22m
[2mdist/[22m[36massets/vendor-lucide-C9_o7Eiw.js           [39m[1m[2m 45.56 kB[22m[1m[22m[2m Γöé gzip:   9.03 kB[22m
[2mdist/[22m[36massets/Landing-BEv-i5ih.js                 [39m[1m[2m 76.77 kB[22m[1m[22m[2m Γöé gzip:  21.53 kB[22m
[2mdist/[22m[36massets/vendor-framer-Cp37jCby.js           [39m[1m[2m116.09 kB[22m[1m[22m[2m Γöé gzip:  38.55 kB[22m
[2mdist/[22m[36massets/vendor-radix-Cn_5MMqB.js            [39m[1m[2m123.45 kB[22m[1m[22m[2m Γöé gzip:  39.33 kB[22m
[2mdist/[22m[36massets/index-CJ1FYhrj.js                   [39m[1m[2m124.38 kB[22m[1m[22m[2m Γöé gzip:  38.26 kB[22m
[2mdist/[22m[36massets/vendor-react-Bz8jJu1g.js            [39m[1m[2m166.06 kB[22m[1m[22m[2m Γöé gzip:  54.35 kB[22m
[2mdist/[22m[36massets/vendor-supabase-Bi1kXOGZ.js         [39m[1m[2m173.70 kB[22m[1m[22m[2m Γöé gzip:  45.84 kB[22m
[2mdist/[22m[36massets/AdminDashboard-BsmJkoeh.js          [39m[1m[2m377.52 kB[22m[1m[22m[2m Γöé gzip: 104.43 kB[22m
[32mΓ£ô built in 36.18s[39m
